Process exited with status exited(0).
STDOUT:
120
STDERR:



