Process exited with status exited(0).
STDOUT:
42424240
STDERR:



