Process exited with status exited(0).
STDOUT:
85
STDERR:



