Process exited with status exited(0).
STDOUT:
3610152136101521
STDERR:



