Process exited with status exited(0).
STDOUT:
18
STDERR:



