Process exited with status exited(0).
STDOUT:
4233
STDERR:



