Process exited with status exited(0).
STDOUT:
2042
STDERR:



